<?php
namespace application\entities\projects\forms;


class baseSummaryEffort extends baseSummary{

	public function setProjectTotals($id){
		$this->isProject = true;
		$s = new TaskSQL;
		$sql = $s->summaryProject($id);
		$result = dbGetResult($sql);
		if($result){
	  	while ($row = $result->fetch_assoc())
		{	
	
			$this->estimated = $row["sum_hours_estimated"];
			$this->actual = $row["sum_hours_actual"];	
			$this->pctDone = $row["overall_pct_done"];			
			$this->count = $row["total_tasks"];	
		}
		$result->close();
		}
		
	}
	
	public function setTaskTotals($id){
			$this->isTask = true;
		$s = new ActivitySQL;
		$sql = $s->summaryTask($id);
		
		$result = dbGetResult($sql);
		if ($result){
		while ($row = $result->fetch_assoc())
		{
			$this->count = $row["total_activities"];	
			$this->actual = $row["total_hours_actual"];
			$this->estimated = $row["total_hours_estimated"];
		}
		$result->close();
		}
		
	}
	
	public function display(){

		$effort = openTable('hours-info','displayListTable');
		
		
		if ($this->isProject == true){
			$noCount = 'No Tasks Created';
			$h = 'Tasks';
		} else {
			$noCount = 'No Activity History';
			$h = 'Activities';
		}
		if ($this->count == 0){
			$item = wrapTh($noCount);
			$effort .= wrapTr($item);
		} else {
			
				$heading = wrapTh($h);
				$heading .= wrapTh('Estimated Hours');
				$heading .= wrapTh('Actual Hours');
				if ($this->isProject == true){
					$heading .= wrapTh('% Done');
				}
				$effort .= wrapTr($heading);
				$row = wrapTd($this->count);
				$row .= wrapTd($this->estimated);
				$row .= wrapTd($this->actual);
				if ($this->isProject == true){
					$row .= wrapTd($this->pctDone);
				}
				$effort .= wrapTr($row);
		}
		$effort .= closeTable();
		return $effort;		
	}
	
} 



?>
